2026-04-16 11:34:12,718 [INFO] =================================================================
2026-04-16 11:34:12,719 [INFO] DW CHARGEMENT
2026-04-16 11:34:12,719 [INFO] =================================================================
2026-04-16 11:34:13,320 [INFO] ✓ Connecté Oracle 21.3.0.0.0
2026-04-16 11:34:13,321 [INFO] Etape 1 : DIM_SERVICE <- REF_SERVICE
2026-04-16 11:34:13,333 [INFO]   DIM_SERVICE : 7 services
2026-04-16 11:34:13,334 [INFO] Etape 2 : DIM_FOURNISSEUR <- REF_FOURNISSEUR
2026-04-16 11:34:13,336 [WARNING]   REF_FOURNISSEUR vide
2026-04-16 11:34:13,338 [INFO] Etape 3 : AGG_MMG -> DIM_ABONNE + DIM_TEMPS + FACT
2026-04-16 11:34:13,394 [INFO]   1 fichier(s) MMG
2026-04-16 11:34:13,394 [INFO]   -> [AGG_MMG]
2026-04-16 11:34:25,957 [INFO]     -> 2208/2208 lignes
2026-04-16 11:34:25,992 [INFO]   DIM_TEMPS : 2,208 entrees
2026-04-16 11:34:26,334 [INFO]     -> 327/327 lignes
2026-04-16 11:34:26,352 [INFO]   DIM_ABONNE  : 327 abonnes
2026-04-16 11:34:29,553 [WARNING]   [MMG FACT] Ignores — date:0 abonne:0 service:119230
2026-04-16 11:34:30,162 [INFO]     -> 5000/102478 lignes
2026-04-16 11:34:30,684 [INFO]     -> 10000/102478 lignes
2026-04-16 11:34:31,292 [INFO]     -> 15000/102478 lignes
2026-04-16 11:34:31,746 [INFO]     -> 20000/102478 lignes
2026-04-16 11:34:32,335 [INFO]     -> 25000/102478 lignes
2026-04-16 11:34:33,026 [INFO]     -> 30000/102478 lignes
2026-04-16 11:34:33,753 [INFO]     -> 35000/102478 lignes
2026-04-16 11:34:34,424 [INFO]     -> 40000/102478 lignes
2026-04-16 11:34:35,217 [INFO]     -> 45000/102478 lignes
2026-04-16 11:34:35,842 [INFO]     -> 50000/102478 lignes
2026-04-16 11:34:36,492 [INFO]     -> 55000/102478 lignes
2026-04-16 11:34:37,221 [INFO]     -> 60000/102478 lignes
2026-04-16 11:34:37,752 [INFO]     -> 65000/102478 lignes
2026-04-16 11:34:38,349 [INFO]     -> 70000/102478 lignes
2026-04-16 11:34:38,975 [INFO]     -> 75000/102478 lignes
2026-04-16 11:34:39,584 [INFO]     -> 80000/102478 lignes
2026-04-16 11:34:40,127 [INFO]     -> 85000/102478 lignes
2026-04-16 11:34:40,624 [INFO]     -> 90000/102478 lignes
2026-04-16 11:34:41,105 [INFO]     -> 95000/102478 lignes
2026-04-16 11:34:41,608 [INFO]     -> 100000/102478 lignes
2026-04-16 11:34:41,876 [INFO]     -> 102478/102478 lignes
2026-04-16 11:34:41,896 [INFO]   FACT_REVENUS [MMG] : 102,478 lignes MERGE
2026-04-16 11:34:41,964 [INFO] Etape 4 : AGG_OCC -> DIM_ABONNE + DIM_TEMPS + FACT
2026-04-16 11:34:41,994 [INFO]   1 fichier(s) OCC
2026-04-16 11:34:41,994 [INFO]   -> [AGG_OCC]
2026-04-16 11:34:54,005 [INFO]     -> 2208/2208 lignes
2026-04-16 11:34:54,040 [INFO]   DIM_TEMPS : 2,208 entrees
2026-04-16 11:34:54,326 [INFO]     -> 50/50 lignes
2026-04-16 11:34:54,328 [INFO]   DIM_ABONNE  : 50 abonnes
2026-04-16 11:34:57,403 [WARNING]   [OCC FACT] Ignores — date:0 abonne:0 service:121832
2026-04-16 11:34:57,717 [INFO]     -> 5000/81265 lignes
2026-04-16 11:34:58,018 [INFO]     -> 10000/81265 lignes
2026-04-16 11:34:58,297 [INFO]     -> 15000/81265 lignes
2026-04-16 11:34:58,617 [INFO]     -> 20000/81265 lignes
2026-04-16 11:34:58,845 [INFO]     -> 25000/81265 lignes
2026-04-16 11:34:59,143 [INFO]     -> 30000/81265 lignes
2026-04-16 11:34:59,363 [INFO]     -> 35000/81265 lignes
2026-04-16 11:34:59,680 [INFO]     -> 40000/81265 lignes
2026-04-16 11:35:00,009 [INFO]     -> 45000/81265 lignes
2026-04-16 11:35:00,314 [INFO]     -> 50000/81265 lignes
2026-04-16 11:35:00,577 [INFO]     -> 55000/81265 lignes
2026-04-16 11:35:00,796 [INFO]     -> 60000/81265 lignes
2026-04-16 11:35:01,100 [INFO]     -> 65000/81265 lignes
2026-04-16 11:35:01,403 [INFO]     -> 70000/81265 lignes
2026-04-16 11:35:01,678 [INFO]     -> 75000/81265 lignes
2026-04-16 11:35:01,996 [INFO]     -> 80000/81265 lignes
2026-04-16 11:35:02,095 [INFO]     -> 81265/81265 lignes
2026-04-16 11:35:02,119 [INFO]   FACT_REVENUS [OCC] : 81,265 lignes MERGE
2026-04-16 11:35:02,222 [INFO] =================================================================
2026-04-16 11:35:02,223 [INFO] STATS FINALES
2026-04-16 11:35:02,240 [INFO]   DW_TELECOM.FACT_REVENUS                       :    115,492
2026-04-16 11:35:02,242 [INFO]   DW_TELECOM.DIM_ABONNE                         :        327
2026-04-16 11:35:02,245 [INFO]   DW_TELECOM.DIM_TEMPS                          :      4,416
2026-04-16 11:35:02,247 [INFO]   DW_TELECOM.DIM_SERVICE                        :          7
2026-04-16 11:35:02,250 [INFO]   DW_TELECOM.DIM_FOURNISSEUR                    :          0
2026-04-16 11:35:02,252 [INFO] =================================================================
2026-04-16 11:35:02,252 [INFO] DW alimente avec succes
2026-04-16 11:54:00,248 [INFO] =================================================================
2026-04-16 11:54:00,249 [INFO] DW CHARGEMENT
2026-04-16 11:54:00,249 [INFO] =================================================================
2026-04-16 11:54:00,383 [INFO] ✓ Connecté Oracle 21.3.0.0.0
2026-04-16 11:54:00,383 [INFO] Etape 1 : DIM_SERVICE <- REF_SERVICE
2026-04-16 11:55:29,912 [INFO] =================================================================
2026-04-16 11:55:29,913 [INFO] DW CHARGEMENT
2026-04-16 11:55:29,913 [INFO] =================================================================
2026-04-16 11:55:30,041 [INFO] ✓ Connecté Oracle 21.3.0.0.0
2026-04-16 11:55:30,043 [INFO] Etape 1 : DIM_SERVICE <- REF_SERVICE
2026-04-16 11:59:32,643 [INFO] =================================================================
2026-04-16 11:59:32,643 [INFO] DW CHARGEMENT
2026-04-16 11:59:32,644 [INFO] =================================================================
2026-04-16 11:59:32,804 [INFO] ✓ Connecté Oracle 21.3.0.0.0
2026-04-16 11:59:32,805 [INFO] Etape 1 : DIM_SERVICE <- REF_SERVICE
2026-04-16 11:59:32,834 [INFO]   DIM_SERVICE : 88 services
2026-04-16 11:59:32,835 [INFO] Etape 2 : DIM_FOURNISSEUR <- REF_FOURNISSEUR
2026-04-16 11:59:32,836 [WARNING]   REF_FOURNISSEUR vide
2026-04-16 11:59:32,836 [INFO] Etape 3 : AGG_MMG -> DIM_ABONNE + DIM_TEMPS + FACT
2026-04-16 11:59:32,888 [INFO]   1 fichier(s) MMG
2026-04-16 11:59:32,889 [INFO]   -> [AGG_MMG]
2026-04-16 11:59:37,492 [INFO]     -> 2208/2208 lignes
2026-04-16 11:59:37,506 [INFO]   DIM_TEMPS : 2,208 entrees
2026-04-16 11:59:37,665 [INFO]     -> 327/327 lignes
2026-04-16 11:59:37,683 [INFO]   DIM_ABONNE  : 327 abonnes
2026-04-16 11:59:39,329 [WARNING]   [MMG FACT] Ignores — date:0 abonne:0 service:5598
2026-04-16 11:59:39,947 [INFO]     -> 5000/216110 lignes
2026-04-16 11:59:40,410 [INFO]     -> 10000/216110 lignes
2026-04-16 11:59:40,937 [INFO]     -> 15000/216110 lignes
2026-04-16 11:59:41,364 [INFO]     -> 20000/216110 lignes
2026-04-16 11:59:41,770 [INFO]     -> 25000/216110 lignes
2026-04-16 11:59:42,204 [INFO]     -> 30000/216110 lignes
2026-04-16 11:59:42,602 [INFO]     -> 35000/216110 lignes
2026-04-16 11:59:42,975 [INFO]     -> 40000/216110 lignes
2026-04-16 11:59:43,375 [INFO]     -> 45000/216110 lignes
2026-04-16 11:59:43,759 [INFO]     -> 50000/216110 lignes
2026-04-16 11:59:44,184 [INFO]     -> 55000/216110 lignes
2026-04-16 11:59:44,577 [INFO]     -> 60000/216110 lignes
2026-04-16 11:59:44,941 [INFO]     -> 65000/216110 lignes
2026-04-16 11:59:45,329 [INFO]     -> 70000/216110 lignes
2026-04-16 11:59:45,715 [INFO]     -> 75000/216110 lignes
2026-04-16 11:59:46,094 [INFO]     -> 80000/216110 lignes
2026-04-16 11:59:46,569 [INFO]     -> 85000/216110 lignes
2026-04-16 11:59:46,934 [INFO]     -> 90000/216110 lignes
2026-04-16 11:59:47,270 [INFO]     -> 95000/216110 lignes
2026-04-16 11:59:47,645 [INFO]     -> 100000/216110 lignes
2026-04-16 11:59:47,992 [INFO]     -> 105000/216110 lignes
2026-04-16 11:59:48,321 [INFO]     -> 110000/216110 lignes
2026-04-16 11:59:48,720 [INFO]     -> 115000/216110 lignes
2026-04-16 11:59:49,061 [INFO]     -> 120000/216110 lignes
2026-04-16 11:59:49,397 [INFO]     -> 125000/216110 lignes
2026-04-16 11:59:49,720 [INFO]     -> 130000/216110 lignes
2026-04-16 11:59:50,135 [INFO]     -> 135000/216110 lignes
2026-04-16 11:59:50,452 [INFO]     -> 140000/216110 lignes
2026-04-16 11:59:50,826 [INFO]     -> 145000/216110 lignes
2026-04-16 11:59:51,211 [INFO]     -> 150000/216110 lignes
2026-04-16 11:59:51,526 [INFO]     -> 155000/216110 lignes
2026-04-16 11:59:51,880 [INFO]     -> 160000/216110 lignes
2026-04-16 11:59:52,200 [INFO]     -> 165000/216110 lignes
2026-04-16 11:59:52,549 [INFO]     -> 170000/216110 lignes
2026-04-16 11:59:52,893 [INFO]     -> 175000/216110 lignes
2026-04-16 11:59:53,231 [INFO]     -> 180000/216110 lignes
2026-04-16 11:59:53,556 [INFO]     -> 185000/216110 lignes
2026-04-16 11:59:53,894 [INFO]     -> 190000/216110 lignes
2026-04-16 11:59:54,300 [INFO]     -> 195000/216110 lignes
2026-04-16 11:59:54,690 [INFO]     -> 200000/216110 lignes
2026-04-16 11:59:55,087 [INFO]     -> 205000/216110 lignes
2026-04-16 11:59:55,498 [INFO]     -> 210000/216110 lignes
2026-04-16 11:59:55,827 [INFO]     -> 215000/216110 lignes
2026-04-16 11:59:55,950 [INFO]     -> 216110/216110 lignes
2026-04-16 11:59:55,958 [INFO]   FACT_REVENUS [MMG] : 216,110 lignes MERGE
2026-04-16 11:59:56,020 [INFO] Etape 4 : AGG_OCC -> DIM_ABONNE + DIM_TEMPS + FACT
2026-04-16 11:59:56,039 [INFO]   1 fichier(s) OCC
2026-04-16 11:59:56,040 [INFO]   -> [AGG_OCC]
2026-04-16 12:00:00,029 [INFO]     -> 2208/2208 lignes
2026-04-16 12:00:00,041 [INFO]   DIM_TEMPS : 2,208 entrees
2026-04-16 12:00:00,186 [INFO]     -> 50/50 lignes
2026-04-16 12:00:00,192 [INFO]   DIM_ABONNE  : 50 abonnes
2026-04-16 12:00:02,022 [WARNING]   [OCC FACT] Ignores — date:0 abonne:0 service:5442
2026-04-16 12:00:02,358 [INFO]     -> 5000/197655 lignes
2026-04-16 12:00:02,636 [INFO]     -> 10000/197655 lignes
2026-04-16 12:00:02,940 [INFO]     -> 15000/197655 lignes
2026-04-16 12:00:03,199 [INFO]     -> 20000/197655 lignes
2026-04-16 12:00:03,482 [INFO]     -> 25000/197655 lignes
2026-04-16 12:00:03,750 [INFO]     -> 30000/197655 lignes
2026-04-16 12:00:04,023 [INFO]     -> 35000/197655 lignes
2026-04-16 12:00:04,350 [INFO]     -> 40000/197655 lignes
2026-04-16 12:00:04,691 [INFO]     -> 45000/197655 lignes
2026-04-16 12:00:04,977 [INFO]     -> 50000/197655 lignes
2026-04-16 12:00:05,261 [INFO]     -> 55000/197655 lignes
2026-04-16 12:00:05,603 [INFO]     -> 60000/197655 lignes
2026-04-16 12:00:05,938 [INFO]     -> 65000/197655 lignes
2026-04-16 12:00:06,267 [INFO]     -> 70000/197655 lignes
2026-04-16 12:00:06,571 [INFO]     -> 75000/197655 lignes
2026-04-16 12:00:06,865 [INFO]     -> 80000/197655 lignes
2026-04-16 12:00:07,129 [INFO]     -> 85000/197655 lignes
2026-04-16 12:00:07,457 [INFO]     -> 90000/197655 lignes
2026-04-16 12:00:07,760 [INFO]     -> 95000/197655 lignes
2026-04-16 12:00:08,083 [INFO]     -> 100000/197655 lignes
2026-04-16 12:00:08,352 [INFO]     -> 105000/197655 lignes
2026-04-16 12:00:08,711 [INFO]     -> 110000/197655 lignes
2026-04-16 12:00:09,087 [INFO]     -> 115000/197655 lignes
2026-04-16 12:00:09,385 [INFO]     -> 120000/197655 lignes
2026-04-16 12:00:09,717 [INFO]     -> 125000/197655 lignes
2026-04-16 12:00:09,981 [INFO]     -> 130000/197655 lignes
2026-04-16 12:00:10,313 [INFO]     -> 135000/197655 lignes
2026-04-16 12:00:10,628 [INFO]     -> 140000/197655 lignes
2026-04-16 12:00:11,005 [INFO]     -> 145000/197655 lignes
2026-04-16 12:00:11,334 [INFO]     -> 150000/197655 lignes
2026-04-16 12:00:11,596 [INFO]     -> 155000/197655 lignes
2026-04-16 12:00:11,889 [INFO]     -> 160000/197655 lignes
2026-04-16 12:00:12,178 [INFO]     -> 165000/197655 lignes
2026-04-16 12:00:12,533 [INFO]     -> 170000/197655 lignes
2026-04-16 12:00:12,786 [INFO]     -> 175000/197655 lignes
2026-04-16 12:00:13,119 [INFO]     -> 180000/197655 lignes
2026-04-16 12:00:13,406 [INFO]     -> 185000/197655 lignes
2026-04-16 12:00:13,691 [INFO]     -> 190000/197655 lignes
2026-04-16 12:00:13,962 [INFO]     -> 195000/197655 lignes
2026-04-16 12:00:14,145 [INFO]     -> 197655/197655 lignes
2026-04-16 12:00:14,152 [INFO]   FACT_REVENUS [OCC] : 197,655 lignes MERGE
2026-04-16 12:00:14,208 [INFO] =================================================================
2026-04-16 12:00:14,208 [INFO] STATS FINALES
2026-04-16 12:00:14,214 [INFO]   DW_TELECOM.FACT_REVENUS                       :    128,241
2026-04-16 12:00:14,217 [INFO]   DW_TELECOM.DIM_ABONNE                         :        327
2026-04-16 12:00:14,220 [INFO]   DW_TELECOM.DIM_TEMPS                          :      2,208
2026-04-16 12:00:14,224 [INFO]   DW_TELECOM.DIM_SERVICE                        :        116
2026-04-16 12:00:14,225 [INFO]   DW_TELECOM.DIM_FOURNISSEUR                    :          0
2026-04-16 12:00:14,228 [INFO] =================================================================
2026-04-16 12:00:14,228 [INFO] DW alimente avec succes
